M: 2024-04-02 14:44:53.266 Mode set to Idle
M: 2024-04-02 14:45:01.422 YSF, received network data from WD5EMS-TOM to DG-ID 0 at WD5EMS    
M: 2024-04-02 14:45:01.427 Mode set to System Fusion
M: 2024-04-02 14:45:06.254 YSF, received network end of transmission from WD5EMS-TOM to DG-ID 0, 5.1 seconds, 0% packet loss, BER: 0.0%
M: 2024-04-02 14:45:17.178 YSF, received RF header from KC3YTV     to DG-ID 0
M: 2024-04-02 14:45:24.159 YSF, received RF end of transmission from KC3YTV     to DG-ID 0, 7.2 seconds, BER: 0.4%, RSSI: -47/-47/-47 dBm
M: 2024-04-02 14:45:43.113 YSF, received network data from WD5EMS-TOM to DG-ID 0 at WD5EMS    
M: 2024-04-02 14:45:59.820 YSF, received network end of transmission from WD5EMS-TOM to DG-ID 0, 16.0 seconds, 0% packet loss, BER: 0.0%
M: 2024-04-02 14:46:19.952 Mode set to Idle
M: 2024-04-02 15:26:05.137 YSF, received network data from WD5EMS-TOM to DG-ID 0 at WD5EMS    
M: 2024-04-02 15:26:05.142 Mode set to System Fusion
M: 2024-04-02 15:26:05.209 YSF, received network end of transmission from WD5EMS-TOM to DG-ID 0, 0.2 seconds, 0% packet loss, BER: 0.0%
M: 2024-04-02 15:26:25.344 Mode set to Idle
M: 2024-04-02 17:39:24.997 YSF, received network data from WD9HNB/M   to DG-ID 0 at           
M: 2024-04-02 17:39:25.002 Mode set to System Fusion
M: 2024-04-02 17:39:31.086 YSF, received network end of transmission from WD9HNB/M   to DG-ID 0, 6.3 seconds, 0% packet loss, BER: 0.0%
M: 2024-04-02 17:39:51.216 Mode set to Idle
M: 2024-04-02 19:02:31.598 YSF, received network data from WD9HNB/M   to DG-ID 0 at           
M: 2024-04-02 19:02:31.604 Mode set to System Fusion
M: 2024-04-02 19:02:37.085 YSF, received network end of transmission from WD9HNB/M   to DG-ID 0, 5.7 seconds, 0% packet loss, BER: 0.0%
M: 2024-04-02 19:02:57.221 Mode set to Idle
M: 2024-04-02 23:23:15.932 YSF, received network data from K5CLC      to DG-ID 0 at           
M: 2024-04-02 23:23:15.937 Mode set to System Fusion
M: 2024-04-02 23:23:17.232 YSF, received network end of transmission from K5CLC      to DG-ID 0, 1.5 seconds, 0% packet loss, BER: 0.0%
M: 2024-04-02 23:23:37.359 Mode set to Idle
M: 2024-04-02 14:45:01.422 YSF, received network data from WD5EMS-TOM to DG-ID 0 at WD5EMS